// Jest Snapshot v1, https://goo.gl/fbAQLP

exports[`renders correctly 1`] = `
<View
  style={
    Array [
      Object {
        "alignItems": "center",
        "flex": 1,
        "justifyContent": "center",
        "left": 0,
        "position": "absolute",
        "top": 0,
        "zIndex": 1000,
      },
      Object {
        "height": 0,
        "left": 0,
        "top": -10000,
        "width": 0,
      },
      Object {
        "height": 1334,
        "width": 750,
      },
      null,
    ]
  }
>
  <View
    pointerEvents="none"
    style={
      Object {
        "backgroundColor": "#000",
        "flex": 1,
        "height": 1334,
        "left": 0,
        "opacity": 0,
        "position": "absolute",
        "top": 0,
        "width": 750,
      }
    }
  >
    <View
      accessible={true}
      isTVSelectable={true}
      onResponderGrant={[Function]}
      onResponderMove={[Function]}
      onResponderRelease={[Function]}
      onResponderTerminate={[Function]}
      onResponderTerminationRequest={[Function]}
      onStartShouldSetResponder={[Function]}
      style={
        Object {
          "flex": 1,
          "height": 1334,
          "left": 0,
          "opacity": 1,
          "position": "absolute",
          "top": 0,
          "width": 750,
        }
      }
    />
  </View>
  <View
    style={
      Object {
        "backgroundColor": "transparent",
        "borderRadius": 8,
        "height": 300,
        "transform": Array [
          Object {
            "translateY": -800,
          },
        ],
        "width": "90%",
      }
    }
  >
    <View
      onLayout={[Function]}
      style={
        Object {
          "backgroundColor": "white",
        }
      }
    >
      <View
        style={
          Array [
            Object {
              "backgroundColor": "#ffffff",
              "paddingLeft": 5,
              "paddingRight": 5,
            },
            undefined,
          ]
        }
      >
        <View>
          <View
            style={
              Object {
                "alignItems": "center",
                "flexDirection": "row",
                "justifyContent": "space-between",
                "paddingLeft": 10,
                "paddingRight": 10,
              }
            }
          >
            <View
              accessible={true}
              hitSlop={
                Object {
                  "bottom": 20,
                  "left": 20,
                  "right": 20,
                  "top": 20,
                }
              }
              isTVSelectable={true}
              onResponderGrant={[Function]}
              onResponderMove={[Function]}
              onResponderRelease={[Function]}
              onResponderTerminate={[Function]}
              onResponderTerminationRequest={[Function]}
              onStartShouldSetResponder={[Function]}
              style={
                Object {
                  "opacity": 1,
                  "padding": 10,
                }
              }
              testID="native.calendar.CHANGE_MONTH_LEFT_ARROW"
            >
              <Image
                source={
                  Object {
                    "testUri": "../../react-native-calendars/src/calendar/img/previous.png",
                  }
                }
                style={
                  Object {
                    "tintColor": "#00adf5",
                  }
                }
              />
            </View>
            <View
              style={
                Object {
                  "flexDirection": "row",
                }
              }
            >
              <Text
                accessibilityTraits="header"
                accessible={true}
                allowFontScaling={false}
                ellipsizeMode="tail"
                style={
                  Object {
                    "color": "#2d4150",
                    "fontFamily": "System",
                    "fontSize": 16,
                    "fontWeight": "300",
                    "margin": 10,
                  }
                }
              >
                Agosto 2018
              </Text>
            </View>
            <View
              accessible={true}
              hitSlop={
                Object {
                  "bottom": 20,
                  "left": 20,
                  "right": 20,
                  "top": 20,
                }
              }
              isTVSelectable={true}
              onResponderGrant={[Function]}
              onResponderMove={[Function]}
              onResponderRelease={[Function]}
              onResponderTerminate={[Function]}
              onResponderTerminationRequest={[Function]}
              onStartShouldSetResponder={[Function]}
              style={
                Object {
                  "opacity": 1,
                  "padding": 10,
                }
              }
              testID="native.calendar.CHANGE_MONTH_RIGHT_ARROW"
            >
              <Image
                source={
                  Object {
                    "testUri": "../../react-native-calendars/src/calendar/img/next.png",
                  }
                }
                style={
                  Object {
                    "tintColor": "#00adf5",
                  }
                }
              />
            </View>
          </View>
          <View
            style={
              Object {
                "flexDirection": "row",
                "justifyContent": "space-around",
                "marginTop": 7,
              }
            }
          >
            <Text
              accessible={false}
              allowFontScaling={false}
              ellipsizeMode="tail"
              importantForAccessibility="no"
              numberOfLines={1}
              style={
                Object {
                  "color": "#b6c1cd",
                  "fontFamily": "System",
                  "fontSize": 13,
                  "marginBottom": 7,
                  "marginTop": 2,
                  "textAlign": "center",
                  "width": 32,
                }
              }
            >
              L
            </Text>
            <Text
              accessible={false}
              allowFontScaling={false}
              ellipsizeMode="tail"
              importantForAccessibility="no"
              numberOfLines={1}
              style={
                Object {
                  "color": "#b6c1cd",
                  "fontFamily": "System",
                  "fontSize": 13,
                  "marginBottom": 7,
                  "marginTop": 2,
                  "textAlign": "center",
                  "width": 32,
                }
              }
            >
              M
            </Text>
            <Text
              accessible={false}
              allowFontScaling={false}
              ellipsizeMode="tail"
              importantForAccessibility="no"
              numberOfLines={1}
              style={
                Object {
                  "color": "#b6c1cd",
                  "fontFamily": "System",
                  "fontSize": 13,
                  "marginBottom": 7,
                  "marginTop": 2,
                  "textAlign": "center",
                  "width": 32,
                }
              }
            >
              X
            </Text>
            <Text
              accessible={false}
              allowFontScaling={false}
              ellipsizeMode="tail"
              importantForAccessibility="no"
              numberOfLines={1}
              style={
                Object {
                  "color": "#b6c1cd",
                  "fontFamily": "System",
                  "fontSize": 13,
                  "marginBottom": 7,
                  "marginTop": 2,
                  "textAlign": "center",
                  "width": 32,
                }
              }
            >
              J
            </Text>
            <Text
              accessible={false}
              allowFontScaling={false}
              ellipsizeMode="tail"
              importantForAccessibility="no"
              numberOfLines={1}
              style={
                Object {
                  "color": "#b6c1cd",
                  "fontFamily": "System",
                  "fontSize": 13,
                  "marginBottom": 7,
                  "marginTop": 2,
                  "textAlign": "center",
                  "width": 32,
                }
              }
            >
              V
            </Text>
            <Text
              accessible={false}
              allowFontScaling={false}
              ellipsizeMode="tail"
              importantForAccessibility="no"
              numberOfLines={1}
              style={
                Object {
                  "color": "#b6c1cd",
                  "fontFamily": "System",
                  "fontSize": 13,
                  "marginBottom": 7,
                  "marginTop": 2,
                  "textAlign": "center",
                  "width": 32,
                }
              }
            >
              S
            </Text>
            <Text
              accessible={false}
              allowFontScaling={false}
              ellipsizeMode="tail"
              importantForAccessibility="no"
              numberOfLines={1}
              style={
                Object {
                  "color": "#b6c1cd",
                  "fontFamily": "System",
                  "fontSize": 13,
                  "marginBottom": 7,
                  "marginTop": 2,
                  "textAlign": "center",
                  "width": 32,
                }
              }
            >
              D
            </Text>
          </View>
        </View>
        <View
          style={
            Object {
              "backgroundColor": "#ffffff",
            }
          }
        >
          <View
            style={
              Object {
                "flexDirection": "row",
                "justifyContent": "space-around",
                "marginBottom": 7,
                "marginTop": 7,
              }
            }
          >
            <View
              style={
                Object {
                  "width": 32,
                }
              }
            />
            <View
              style={
                Object {
                  "width": 32,
                }
              }
            />
            <View
              accessible={true}
              isTVSelectable={true}
              onResponderGrant={[Function]}
              onResponderMove={[Function]}
              onResponderRelease={[Function]}
              onResponderTerminate={[Function]}
              onResponderTerminationRequest={[Function]}
              onStartShouldSetResponder={[Function]}
              style={
                Object {
                  "alignItems": "center",
                  "height": 32,
                  "opacity": 1,
                  "width": 32,
                }
              }
            >
              <Text
                accessible={true}
                allowFontScaling={false}
                ellipsizeMode="tail"
                style={
                  Array [
                    Object {
                      "backgroundColor": "rgba(255, 255, 255, 0)",
                      "color": "#2d4150",
                      "fontFamily": "System",
                      "fontSize": 16,
                      "fontWeight": "300",
                      "marginTop": 6,
                    },
                  ]
                }
              >
                1
              </Text>
            </View>
            <View
              accessible={true}
              isTVSelectable={true}
              onResponderGrant={[Function]}
              onResponderMove={[Function]}
              onResponderRelease={[Function]}
              onResponderTerminate={[Function]}
              onResponderTerminationRequest={[Function]}
              onStartShouldSetResponder={[Function]}
              style={
                Object {
                  "alignItems": "center",
                  "height": 32,
                  "opacity": 1,
                  "width": 32,
                }
              }
            >
              <Text
                accessible={true}
                allowFontScaling={false}
                ellipsizeMode="tail"
                style={
                  Array [
                    Object {
                      "backgroundColor": "rgba(255, 255, 255, 0)",
                      "color": "#2d4150",
                      "fontFamily": "System",
                      "fontSize": 16,
                      "fontWeight": "300",
                      "marginTop": 6,
                    },
                  ]
                }
              >
                2
              </Text>
            </View>
            <View
              accessible={true}
              isTVSelectable={true}
              onResponderGrant={[Function]}
              onResponderMove={[Function]}
              onResponderRelease={[Function]}
              onResponderTerminate={[Function]}
              onResponderTerminationRequest={[Function]}
              onStartShouldSetResponder={[Function]}
              style={
                Object {
                  "alignItems": "center",
                  "height": 32,
                  "opacity": 1,
                  "width": 32,
                }
              }
            >
              <Text
                accessible={true}
                allowFontScaling={false}
                ellipsizeMode="tail"
                style={
                  Array [
                    Object {
                      "backgroundColor": "rgba(255, 255, 255, 0)",
                      "color": "#2d4150",
                      "fontFamily": "System",
                      "fontSize": 16,
                      "fontWeight": "300",
                      "marginTop": 6,
                    },
                  ]
                }
              >
                3
              </Text>
            </View>
            <View
              accessible={true}
              isTVSelectable={true}
              onResponderGrant={[Function]}
              onResponderMove={[Function]}
              onResponderRelease={[Function]}
              onResponderTerminate={[Function]}
              onResponderTerminationRequest={[Function]}
              onStartShouldSetResponder={[Function]}
              style={
                Object {
                  "alignItems": "center",
                  "height": 32,
                  "opacity": 1,
                  "width": 32,
                }
              }
            >
              <Text
                accessible={true}
                allowFontScaling={false}
                ellipsizeMode="tail"
                style={
                  Array [
                    Object {
                      "backgroundColor": "rgba(255, 255, 255, 0)",
                      "color": "#2d4150",
                      "fontFamily": "System",
                      "fontSize": 16,
                      "fontWeight": "300",
                      "marginTop": 6,
                    },
                  ]
                }
              >
                4
              </Text>
            </View>
            <View
              accessible={true}
              isTVSelectable={true}
              onResponderGrant={[Function]}
              onResponderMove={[Function]}
              onResponderRelease={[Function]}
              onResponderTerminate={[Function]}
              onResponderTerminationRequest={[Function]}
              onStartShouldSetResponder={[Function]}
              style={
                Object {
                  "alignItems": "center",
                  "height": 32,
                  "opacity": 1,
                  "width": 32,
                }
              }
            >
              <Text
                accessible={true}
                allowFontScaling={false}
                ellipsizeMode="tail"
                style={
                  Array [
                    Object {
                      "backgroundColor": "rgba(255, 255, 255, 0)",
                      "color": "#2d4150",
                      "fontFamily": "System",
                      "fontSize": 16,
                      "fontWeight": "300",
                      "marginTop": 6,
                    },
                  ]
                }
              >
                5
              </Text>
            </View>
          </View>
          <View
            style={
              Object {
                "flexDirection": "row",
                "justifyContent": "space-around",
                "marginBottom": 7,
                "marginTop": 7,
              }
            }
          >
            <View
              accessible={true}
              isTVSelectable={true}
              onResponderGrant={[Function]}
              onResponderMove={[Function]}
              onResponderRelease={[Function]}
              onResponderTerminate={[Function]}
              onResponderTerminationRequest={[Function]}
              onStartShouldSetResponder={[Function]}
              style={
                Object {
                  "alignItems": "center",
                  "height": 32,
                  "opacity": 1,
                  "width": 32,
                }
              }
            >
              <Text
                accessible={true}
                allowFontScaling={false}
                ellipsizeMode="tail"
                style={
                  Array [
                    Object {
                      "backgroundColor": "rgba(255, 255, 255, 0)",
                      "color": "#2d4150",
                      "fontFamily": "System",
                      "fontSize": 16,
                      "fontWeight": "300",
                      "marginTop": 6,
                    },
                  ]
                }
              >
                6
              </Text>
            </View>
            <View
              accessible={true}
              isTVSelectable={true}
              onResponderGrant={[Function]}
              onResponderMove={[Function]}
              onResponderRelease={[Function]}
              onResponderTerminate={[Function]}
              onResponderTerminationRequest={[Function]}
              onStartShouldSetResponder={[Function]}
              style={
                Object {
                  "alignItems": "center",
                  "height": 32,
                  "opacity": 1,
                  "width": 32,
                }
              }
            >
              <Text
                accessible={true}
                allowFontScaling={false}
                ellipsizeMode="tail"
                style={
                  Array [
                    Object {
                      "backgroundColor": "rgba(255, 255, 255, 0)",
                      "color": "#2d4150",
                      "fontFamily": "System",
                      "fontSize": 16,
                      "fontWeight": "300",
                      "marginTop": 6,
                    },
                  ]
                }
              >
                7
              </Text>
            </View>
            <View
              accessible={true}
              isTVSelectable={true}
              onResponderGrant={[Function]}
              onResponderMove={[Function]}
              onResponderRelease={[Function]}
              onResponderTerminate={[Function]}
              onResponderTerminationRequest={[Function]}
              onStartShouldSetResponder={[Function]}
              style={
                Object {
                  "alignItems": "center",
                  "height": 32,
                  "opacity": 1,
                  "width": 32,
                }
              }
            >
              <Text
                accessible={true}
                allowFontScaling={false}
                ellipsizeMode="tail"
                style={
                  Array [
                    Object {
                      "backgroundColor": "rgba(255, 255, 255, 0)",
                      "color": "#2d4150",
                      "fontFamily": "System",
                      "fontSize": 16,
                      "fontWeight": "300",
                      "marginTop": 6,
                    },
                  ]
                }
              >
                8
              </Text>
            </View>
            <View
              accessible={true}
              isTVSelectable={true}
              onResponderGrant={[Function]}
              onResponderMove={[Function]}
              onResponderRelease={[Function]}
              onResponderTerminate={[Function]}
              onResponderTerminationRequest={[Function]}
              onStartShouldSetResponder={[Function]}
              style={
                Object {
                  "alignItems": "center",
                  "height": 32,
                  "opacity": 1,
                  "width": 32,
                }
              }
            >
              <Text
                accessible={true}
                allowFontScaling={false}
                ellipsizeMode="tail"
                style={
                  Array [
                    Object {
                      "backgroundColor": "rgba(255, 255, 255, 0)",
                      "color": "#2d4150",
                      "fontFamily": "System",
                      "fontSize": 16,
                      "fontWeight": "300",
                      "marginTop": 6,
                    },
                  ]
                }
              >
                9
              </Text>
            </View>
            <View
              accessible={true}
              isTVSelectable={true}
              onResponderGrant={[Function]}
              onResponderMove={[Function]}
              onResponderRelease={[Function]}
              onResponderTerminate={[Function]}
              onResponderTerminationRequest={[Function]}
              onStartShouldSetResponder={[Function]}
              style={
                Object {
                  "alignItems": "center",
                  "height": 32,
                  "opacity": 1,
                  "width": 32,
                }
              }
            >
              <Text
                accessible={true}
                allowFontScaling={false}
                ellipsizeMode="tail"
                style={
                  Array [
                    Object {
                      "backgroundColor": "rgba(255, 255, 255, 0)",
                      "color": "#2d4150",
                      "fontFamily": "System",
                      "fontSize": 16,
                      "fontWeight": "300",
                      "marginTop": 6,
                    },
                  ]
                }
              >
                10
              </Text>
            </View>
            <View
              accessible={true}
              isTVSelectable={true}
              onResponderGrant={[Function]}
              onResponderMove={[Function]}
              onResponderRelease={[Function]}
              onResponderTerminate={[Function]}
              onResponderTerminationRequest={[Function]}
              onStartShouldSetResponder={[Function]}
              style={
                Object {
                  "alignItems": "center",
                  "height": 32,
                  "opacity": 1,
                  "width": 32,
                }
              }
            >
              <Text
                accessible={true}
                allowFontScaling={false}
                ellipsizeMode="tail"
                style={
                  Array [
                    Object {
                      "backgroundColor": "rgba(255, 255, 255, 0)",
                      "color": "#2d4150",
                      "fontFamily": "System",
                      "fontSize": 16,
                      "fontWeight": "300",
                      "marginTop": 6,
                    },
                  ]
                }
              >
                11
              </Text>
            </View>
            <View
              accessible={true}
              isTVSelectable={true}
              onResponderGrant={[Function]}
              onResponderMove={[Function]}
              onResponderRelease={[Function]}
              onResponderTerminate={[Function]}
              onResponderTerminationRequest={[Function]}
              onStartShouldSetResponder={[Function]}
              style={
                Object {
                  "alignItems": "center",
                  "height": 32,
                  "opacity": 1,
                  "width": 32,
                }
              }
            >
              <Text
                accessible={true}
                allowFontScaling={false}
                ellipsizeMode="tail"
                style={
                  Array [
                    Object {
                      "backgroundColor": "rgba(255, 255, 255, 0)",
                      "color": "#2d4150",
                      "fontFamily": "System",
                      "fontSize": 16,
                      "fontWeight": "300",
                      "marginTop": 6,
                    },
                  ]
                }
              >
                12
              </Text>
            </View>
          </View>
          <View
            style={
              Object {
                "flexDirection": "row",
                "justifyContent": "space-around",
                "marginBottom": 7,
                "marginTop": 7,
              }
            }
          >
            <View
              accessible={true}
              isTVSelectable={true}
              onResponderGrant={[Function]}
              onResponderMove={[Function]}
              onResponderRelease={[Function]}
              onResponderTerminate={[Function]}
              onResponderTerminationRequest={[Function]}
              onStartShouldSetResponder={[Function]}
              style={
                Object {
                  "alignItems": "center",
                  "height": 32,
                  "opacity": 1,
                  "width": 32,
                }
              }
            >
              <Text
                accessible={true}
                allowFontScaling={false}
                ellipsizeMode="tail"
                style={
                  Array [
                    Object {
                      "backgroundColor": "rgba(255, 255, 255, 0)",
                      "color": "#2d4150",
                      "fontFamily": "System",
                      "fontSize": 16,
                      "fontWeight": "300",
                      "marginTop": 6,
                    },
                  ]
                }
              >
                13
              </Text>
            </View>
            <View
              accessible={true}
              isTVSelectable={true}
              onResponderGrant={[Function]}
              onResponderMove={[Function]}
              onResponderRelease={[Function]}
              onResponderTerminate={[Function]}
              onResponderTerminationRequest={[Function]}
              onStartShouldSetResponder={[Function]}
              style={
                Object {
                  "alignItems": "center",
                  "height": 32,
                  "opacity": 1,
                  "width": 32,
                }
              }
            >
              <Text
                accessible={true}
                allowFontScaling={false}
                ellipsizeMode="tail"
                style={
                  Array [
                    Object {
                      "backgroundColor": "rgba(255, 255, 255, 0)",
                      "color": "#2d4150",
                      "fontFamily": "System",
                      "fontSize": 16,
                      "fontWeight": "300",
                      "marginTop": 6,
                    },
                  ]
                }
              >
                14
              </Text>
            </View>
            <View
              accessible={true}
              isTVSelectable={true}
              onResponderGrant={[Function]}
              onResponderMove={[Function]}
              onResponderRelease={[Function]}
              onResponderTerminate={[Function]}
              onResponderTerminationRequest={[Function]}
              onStartShouldSetResponder={[Function]}
              style={
                Object {
                  "alignItems": "center",
                  "height": 32,
                  "opacity": 1,
                  "width": 32,
                }
              }
            >
              <Text
                accessible={true}
                allowFontScaling={false}
                ellipsizeMode="tail"
                style={
                  Array [
                    Object {
                      "backgroundColor": "rgba(255, 255, 255, 0)",
                      "color": "#2d4150",
                      "fontFamily": "System",
                      "fontSize": 16,
                      "fontWeight": "300",
                      "marginTop": 6,
                    },
                  ]
                }
              >
                15
              </Text>
            </View>
            <View
              accessible={true}
              isTVSelectable={true}
              onResponderGrant={[Function]}
              onResponderMove={[Function]}
              onResponderRelease={[Function]}
              onResponderTerminate={[Function]}
              onResponderTerminationRequest={[Function]}
              onStartShouldSetResponder={[Function]}
              style={
                Object {
                  "alignItems": "center",
                  "height": 32,
                  "opacity": 1,
                  "width": 32,
                }
              }
            >
              <Text
                accessible={true}
                allowFontScaling={false}
                ellipsizeMode="tail"
                style={
                  Array [
                    Object {
                      "backgroundColor": "rgba(255, 255, 255, 0)",
                      "color": "#2d4150",
                      "fontFamily": "System",
                      "fontSize": 16,
                      "fontWeight": "300",
                      "marginTop": 6,
                    },
                  ]
                }
              >
                16
              </Text>
            </View>
            <View
              accessible={true}
              isTVSelectable={true}
              onResponderGrant={[Function]}
              onResponderMove={[Function]}
              onResponderRelease={[Function]}
              onResponderTerminate={[Function]}
              onResponderTerminationRequest={[Function]}
              onStartShouldSetResponder={[Function]}
              style={
                Object {
                  "alignItems": "center",
                  "height": 32,
                  "opacity": 1,
                  "width": 32,
                }
              }
            >
              <Text
                accessible={true}
                allowFontScaling={false}
                ellipsizeMode="tail"
                style={
                  Array [
                    Object {
                      "backgroundColor": "rgba(255, 255, 255, 0)",
                      "color": "#2d4150",
                      "fontFamily": "System",
                      "fontSize": 16,
                      "fontWeight": "300",
                      "marginTop": 6,
                    },
                  ]
                }
              >
                17
              </Text>
            </View>
            <View
              accessible={true}
              isTVSelectable={true}
              onResponderGrant={[Function]}
              onResponderMove={[Function]}
              onResponderRelease={[Function]}
              onResponderTerminate={[Function]}
              onResponderTerminationRequest={[Function]}
              onStartShouldSetResponder={[Function]}
              style={
                Object {
                  "alignItems": "center",
                  "height": 32,
                  "opacity": 1,
                  "width": 32,
                }
              }
            >
              <Text
                accessible={true}
                allowFontScaling={false}
                ellipsizeMode="tail"
                style={
                  Array [
                    Object {
                      "backgroundColor": "rgba(255, 255, 255, 0)",
                      "color": "#2d4150",
                      "fontFamily": "System",
                      "fontSize": 16,
                      "fontWeight": "300",
                      "marginTop": 6,
                    },
                  ]
                }
              >
                18
              </Text>
            </View>
            <View
              accessible={true}
              isTVSelectable={true}
              onResponderGrant={[Function]}
              onResponderMove={[Function]}
              onResponderRelease={[Function]}
              onResponderTerminate={[Function]}
              onResponderTerminationRequest={[Function]}
              onStartShouldSetResponder={[Function]}
              style={
                Object {
                  "alignItems": "center",
                  "height": 32,
                  "opacity": 1,
                  "width": 32,
                }
              }
            >
              <Text
                accessible={true}
                allowFontScaling={false}
                ellipsizeMode="tail"
                style={
                  Array [
                    Object {
                      "backgroundColor": "rgba(255, 255, 255, 0)",
                      "color": "#2d4150",
                      "fontFamily": "System",
                      "fontSize": 16,
                      "fontWeight": "300",
                      "marginTop": 6,
                    },
                  ]
                }
              >
                19
              </Text>
            </View>
          </View>
          <View
            style={
              Object {
                "flexDirection": "row",
                "justifyContent": "space-around",
                "marginBottom": 7,
                "marginTop": 7,
              }
            }
          >
            <View
              accessible={true}
              isTVSelectable={true}
              onResponderGrant={[Function]}
              onResponderMove={[Function]}
              onResponderRelease={[Function]}
              onResponderTerminate={[Function]}
              onResponderTerminationRequest={[Function]}
              onStartShouldSetResponder={[Function]}
              style={
                Object {
                  "alignItems": "center",
                  "height": 32,
                  "opacity": 1,
                  "width": 32,
                }
              }
            >
              <Text
                accessible={true}
                allowFontScaling={false}
                ellipsizeMode="tail"
                style={
                  Array [
                    Object {
                      "backgroundColor": "rgba(255, 255, 255, 0)",
                      "color": "#2d4150",
                      "fontFamily": "System",
                      "fontSize": 16,
                      "fontWeight": "300",
                      "marginTop": 6,
                    },
                  ]
                }
              >
                20
              </Text>
            </View>
            <View
              accessible={true}
              isTVSelectable={true}
              onResponderGrant={[Function]}
              onResponderMove={[Function]}
              onResponderRelease={[Function]}
              onResponderTerminate={[Function]}
              onResponderTerminationRequest={[Function]}
              onStartShouldSetResponder={[Function]}
              style={
                Object {
                  "alignItems": "center",
                  "backgroundColor": undefined,
                  "height": 32,
                  "opacity": 1,
                  "width": 32,
                }
              }
            >
              <Text
                accessible={true}
                allowFontScaling={false}
                ellipsizeMode="tail"
                style={
                  Array [
                    Object {
                      "backgroundColor": "rgba(255, 255, 255, 0)",
                      "color": "#2d4150",
                      "fontFamily": "System",
                      "fontSize": 16,
                      "fontWeight": "300",
                      "marginTop": 6,
                    },
                    Object {
                      "color": "#00adf5",
                    },
                  ]
                }
              >
                21
              </Text>
            </View>
            <View
              accessible={true}
              isTVSelectable={true}
              onResponderGrant={[Function]}
              onResponderMove={[Function]}
              onResponderRelease={[Function]}
              onResponderTerminate={[Function]}
              onResponderTerminationRequest={[Function]}
              onStartShouldSetResponder={[Function]}
              style={
                Object {
                  "alignItems": "center",
                  "height": 32,
                  "opacity": 1,
                  "width": 32,
                }
              }
            >
              <Text
                accessible={true}
                allowFontScaling={false}
                ellipsizeMode="tail"
                style={
                  Array [
                    Object {
                      "backgroundColor": "rgba(255, 255, 255, 0)",
                      "color": "#2d4150",
                      "fontFamily": "System",
                      "fontSize": 16,
                      "fontWeight": "300",
                      "marginTop": 6,
                    },
                  ]
                }
              >
                22
              </Text>
            </View>
            <View
              accessible={true}
              isTVSelectable={true}
              onResponderGrant={[Function]}
              onResponderMove={[Function]}
              onResponderRelease={[Function]}
              onResponderTerminate={[Function]}
              onResponderTerminationRequest={[Function]}
              onStartShouldSetResponder={[Function]}
              style={
                Object {
                  "alignItems": "center",
                  "height": 32,
                  "opacity": 1,
                  "width": 32,
                }
              }
            >
              <Text
                accessible={true}
                allowFontScaling={false}
                ellipsizeMode="tail"
                style={
                  Array [
                    Object {
                      "backgroundColor": "rgba(255, 255, 255, 0)",
                      "color": "#2d4150",
                      "fontFamily": "System",
                      "fontSize": 16,
                      "fontWeight": "300",
                      "marginTop": 6,
                    },
                  ]
                }
              >
                23
              </Text>
            </View>
            <View
              accessible={true}
              isTVSelectable={true}
              onResponderGrant={[Function]}
              onResponderMove={[Function]}
              onResponderRelease={[Function]}
              onResponderTerminate={[Function]}
              onResponderTerminationRequest={[Function]}
              onStartShouldSetResponder={[Function]}
              style={
                Object {
                  "alignItems": "center",
                  "height": 32,
                  "opacity": 1,
                  "width": 32,
                }
              }
            >
              <Text
                accessible={true}
                allowFontScaling={false}
                ellipsizeMode="tail"
                style={
                  Array [
                    Object {
                      "backgroundColor": "rgba(255, 255, 255, 0)",
                      "color": "#2d4150",
                      "fontFamily": "System",
                      "fontSize": 16,
                      "fontWeight": "300",
                      "marginTop": 6,
                    },
                  ]
                }
              >
                24
              </Text>
            </View>
            <View
              accessible={true}
              isTVSelectable={true}
              onResponderGrant={[Function]}
              onResponderMove={[Function]}
              onResponderRelease={[Function]}
              onResponderTerminate={[Function]}
              onResponderTerminationRequest={[Function]}
              onStartShouldSetResponder={[Function]}
              style={
                Object {
                  "alignItems": "center",
                  "height": 32,
                  "opacity": 1,
                  "width": 32,
                }
              }
            >
              <Text
                accessible={true}
                allowFontScaling={false}
                ellipsizeMode="tail"
                style={
                  Array [
                    Object {
                      "backgroundColor": "rgba(255, 255, 255, 0)",
                      "color": "#2d4150",
                      "fontFamily": "System",
                      "fontSize": 16,
                      "fontWeight": "300",
                      "marginTop": 6,
                    },
                  ]
                }
              >
                25
              </Text>
            </View>
            <View
              accessible={true}
              isTVSelectable={true}
              onResponderGrant={[Function]}
              onResponderMove={[Function]}
              onResponderRelease={[Function]}
              onResponderTerminate={[Function]}
              onResponderTerminationRequest={[Function]}
              onStartShouldSetResponder={[Function]}
              style={
                Object {
                  "alignItems": "center",
                  "height": 32,
                  "opacity": 1,
                  "width": 32,
                }
              }
            >
              <Text
                accessible={true}
                allowFontScaling={false}
                ellipsizeMode="tail"
                style={
                  Array [
                    Object {
                      "backgroundColor": "rgba(255, 255, 255, 0)",
                      "color": "#2d4150",
                      "fontFamily": "System",
                      "fontSize": 16,
                      "fontWeight": "300",
                      "marginTop": 6,
                    },
                  ]
                }
              >
                26
              </Text>
            </View>
          </View>
          <View
            style={
              Object {
                "flexDirection": "row",
                "justifyContent": "space-around",
                "marginBottom": 7,
                "marginTop": 7,
              }
            }
          >
            <View
              accessible={true}
              isTVSelectable={true}
              onResponderGrant={[Function]}
              onResponderMove={[Function]}
              onResponderRelease={[Function]}
              onResponderTerminate={[Function]}
              onResponderTerminationRequest={[Function]}
              onStartShouldSetResponder={[Function]}
              style={
                Object {
                  "alignItems": "center",
                  "height": 32,
                  "opacity": 1,
                  "width": 32,
                }
              }
            >
              <Text
                accessible={true}
                allowFontScaling={false}
                ellipsizeMode="tail"
                style={
                  Array [
                    Object {
                      "backgroundColor": "rgba(255, 255, 255, 0)",
                      "color": "#2d4150",
                      "fontFamily": "System",
                      "fontSize": 16,
                      "fontWeight": "300",
                      "marginTop": 6,
                    },
                  ]
                }
              >
                27
              </Text>
            </View>
            <View
              accessible={true}
              isTVSelectable={true}
              onResponderGrant={[Function]}
              onResponderMove={[Function]}
              onResponderRelease={[Function]}
              onResponderTerminate={[Function]}
              onResponderTerminationRequest={[Function]}
              onStartShouldSetResponder={[Function]}
              style={
                Object {
                  "alignItems": "center",
                  "height": 32,
                  "opacity": 1,
                  "width": 32,
                }
              }
            >
              <Text
                accessible={true}
                allowFontScaling={false}
                ellipsizeMode="tail"
                style={
                  Array [
                    Object {
                      "backgroundColor": "rgba(255, 255, 255, 0)",
                      "color": "#2d4150",
                      "fontFamily": "System",
                      "fontSize": 16,
                      "fontWeight": "300",
                      "marginTop": 6,
                    },
                  ]
                }
              >
                28
              </Text>
            </View>
            <View
              accessible={true}
              isTVSelectable={true}
              onResponderGrant={[Function]}
              onResponderMove={[Function]}
              onResponderRelease={[Function]}
              onResponderTerminate={[Function]}
              onResponderTerminationRequest={[Function]}
              onStartShouldSetResponder={[Function]}
              style={
                Object {
                  "alignItems": "center",
                  "height": 32,
                  "opacity": 1,
                  "width": 32,
                }
              }
            >
              <Text
                accessible={true}
                allowFontScaling={false}
                ellipsizeMode="tail"
                style={
                  Array [
                    Object {
                      "backgroundColor": "rgba(255, 255, 255, 0)",
                      "color": "#2d4150",
                      "fontFamily": "System",
                      "fontSize": 16,
                      "fontWeight": "300",
                      "marginTop": 6,
                    },
                  ]
                }
              >
                29
              </Text>
            </View>
            <View
              accessible={true}
              isTVSelectable={true}
              onResponderGrant={[Function]}
              onResponderMove={[Function]}
              onResponderRelease={[Function]}
              onResponderTerminate={[Function]}
              onResponderTerminationRequest={[Function]}
              onStartShouldSetResponder={[Function]}
              style={
                Object {
                  "alignItems": "center",
                  "height": 32,
                  "opacity": 1,
                  "width": 32,
                }
              }
            >
              <Text
                accessible={true}
                allowFontScaling={false}
                ellipsizeMode="tail"
                style={
                  Array [
                    Object {
                      "backgroundColor": "rgba(255, 255, 255, 0)",
                      "color": "#2d4150",
                      "fontFamily": "System",
                      "fontSize": 16,
                      "fontWeight": "300",
                      "marginTop": 6,
                    },
                  ]
                }
              >
                30
              </Text>
            </View>
            <View
              accessible={true}
              isTVSelectable={true}
              onResponderGrant={[Function]}
              onResponderMove={[Function]}
              onResponderRelease={[Function]}
              onResponderTerminate={[Function]}
              onResponderTerminationRequest={[Function]}
              onStartShouldSetResponder={[Function]}
              style={
                Object {
                  "alignItems": "center",
                  "height": 32,
                  "opacity": 1,
                  "width": 32,
                }
              }
            >
              <Text
                accessible={true}
                allowFontScaling={false}
                ellipsizeMode="tail"
                style={
                  Array [
                    Object {
                      "backgroundColor": "rgba(255, 255, 255, 0)",
                      "color": "#2d4150",
                      "fontFamily": "System",
                      "fontSize": 16,
                      "fontWeight": "300",
                      "marginTop": 6,
                    },
                  ]
                }
              >
                31
              </Text>
            </View>
            <View
              style={
                Object {
                  "width": 32,
                }
              }
            />
            <View
              style={
                Object {
                  "width": 32,
                }
              }
            />
          </View>
        </View>
      </View>
      <View
        style={
          Object {
            "alignItems": "flex-end",
          }
        }
      >
        <View
          style={
            Array [
              Object {
                "alignItems": "flex-start",
                "flexDirection": "row",
                "justifyContent": "space-between",
                "width": "100%",
              },
              Object {
                "width": 190,
              },
            ]
          }
        >
          <View
            style={
              Array [
                Object {
                  "flex": 1,
                },
                Object {
                  "marginRight": 0,
                },
              ]
            }
          >
            <View
              style={
                Array [
                  Object {
                    "marginLeft": 15,
                    "marginRight": 15,
                  },
                  undefined,
                  Array [
                    Object {
                      "marginBottom": 0,
                      "marginLeft": 0,
                      "marginRight": 0,
                      "marginTop": 0,
                      "width": "100%",
                    },
                    Object {},
                  ],
                  Object {
                    "borderRadius": 4,
                  },
                ]
              }
            >
              <View
                accessible={true}
                isTVSelectable={true}
                onResponderGrant={[Function]}
                onResponderMove={[Function]}
                onResponderRelease={[Function]}
                onResponderTerminate={[Function]}
                onResponderTerminationRequest={[Function]}
                onStartShouldSetResponder={[Function]}
                style={null}
              >
                <View
                  pointerEvents="box-only"
                  style={
                    Array [
                      Object {
                        "alignItems": "center",
                        "backgroundColor": "#9E9E9E",
                        "flexDirection": "row",
                        "justifyContent": "center",
                        "padding": 19,
                      },
                      undefined,
                      undefined,
                      undefined,
                      undefined,
                      undefined,
                      Object {
                        "backgroundColor": "transparent",
                      },
                      Object {
                        "borderRadius": 4,
                      },
                      Object {
                        "padding": 12,
                      },
                      undefined,
                      undefined,
                      undefined,
                      Array [
                        Object {
                          "height": 56,
                        },
                        Object {},
                      ],
                      undefined,
                      undefined,
                    ]
                  }
                >
                  <Text
                    accessible={true}
                    allowFontScaling={true}
                    ellipsizeMode="tail"
                    style={
                      Array [
                        Object {},
                        undefined,
                        undefined,
                        undefined,
                        undefined,
                        undefined,
                        undefined,
                        undefined,
                        undefined,
                        undefined,
                        Array [
                          Object {
                            "color": "white",
                            "fontSize": 20,
                          },
                          Object {
                            "color": "#F50057",
                          },
                          Object {
                            "fontSize": 17.5,
                          },
                          Object {
                            "fontSize": 14,
                          },
                          undefined,
                          undefined,
                          undefined,
                          undefined,
                        ],
                      ]
                    }
                  >
                    CANCELAR
                  </Text>
                </View>
              </View>
            </View>
          </View>
          <View
            style={
              Object {
                "flex": 1,
              }
            }
          >
            <View
              style={
                Array [
                  Object {
                    "marginLeft": 15,
                    "marginRight": 15,
                  },
                  undefined,
                  Array [
                    Object {
                      "marginBottom": 0,
                      "marginLeft": 0,
                      "marginRight": 0,
                      "marginTop": 0,
                      "width": "100%",
                    },
                    Object {},
                  ],
                  Object {
                    "borderRadius": 4,
                  },
                ]
              }
            >
              <View
                accessible={true}
                isTVSelectable={true}
                onResponderGrant={[Function]}
                onResponderMove={[Function]}
                onResponderRelease={[Function]}
                onResponderTerminate={[Function]}
                onResponderTerminationRequest={[Function]}
                onStartShouldSetResponder={[Function]}
                style={null}
              >
                <View
                  pointerEvents="box-only"
                  style={
                    Array [
                      Object {
                        "alignItems": "center",
                        "backgroundColor": "#9E9E9E",
                        "flexDirection": "row",
                        "justifyContent": "center",
                        "padding": 19,
                      },
                      undefined,
                      undefined,
                      undefined,
                      undefined,
                      undefined,
                      Object {
                        "backgroundColor": "transparent",
                      },
                      Object {
                        "borderRadius": 4,
                      },
                      Object {
                        "padding": 12,
                      },
                      undefined,
                      undefined,
                      undefined,
                      Array [
                        Object {
                          "height": 56,
                        },
                        Object {},
                      ],
                      undefined,
                      undefined,
                    ]
                  }
                >
                  <Text
                    accessible={true}
                    allowFontScaling={true}
                    ellipsizeMode="tail"
                    style={
                      Array [
                        Object {},
                        undefined,
                        undefined,
                        undefined,
                        undefined,
                        undefined,
                        undefined,
                        undefined,
                        undefined,
                        undefined,
                        Array [
                          Object {
                            "color": "white",
                            "fontSize": 20,
                          },
                          Object {
                            "color": "#F50057",
                          },
                          Object {
                            "fontSize": 17.5,
                          },
                          Object {
                            "fontSize": 14,
                          },
                          undefined,
                          undefined,
                          undefined,
                          undefined,
                        ],
                      ]
                    }
                  >
                    OK
                  </Text>
                </View>
              </View>
            </View>
          </View>
        </View>
      </View>
    </View>
  </View>
</View>
`;
